Microchip MPLAB XC8 Compiler V2.45

Linker command line:

-W-3 \
  --edf=C:\Program Files\Microchip\xc8\v2.45\pic\dat\20230818022343_en.msgs \
  -cn -h+dist/default/debug\interfacing_projects.debug.sym \
  --cmf=dist/default/debug\interfacing_projects.debug.cmf -z -Q18F4620 \
  -oC:\Users\mstfy\AppData\Local\Temp\xcAsbj0.\driver_tmp_3.o \
  --defsym=__MPLAB_BUILD=1 --fixupoverflow=error \
  -Mdist/default/debug/interfacing_projects.debug.map \
  --md=C:\Users\mstfy\AppData\Local\Temp\xcAsbj0.\driver_tmp_0.dat -E1 \
  -ver=XC8 Compiler --acfsm=1493 -ACODE=00h-0FFFFh -ACONST=00h-0FFFFh \
  -ASMALLCONST=01000h-010FFhx240 -AMEDIUMCONST=01000h-0FFFFh \
  -ACOMRAM=01h-07Fh -AABS1=00h-0F7Fh -ABIGRAM=01h-0F7Fh \
  -ARAM=080h-0FFh,0100h-01FFhx14,0F00h-0F7Fh -ABANK0=080h-0FFh \
  -ABANK1=0100h-01FFh -ABANK2=0200h-02FFh -ABANK3=0300h-03FFh \
  -ABANK4=0400h-04FFh -ABANK5=0500h-05FFh -ABANK6=0600h-06FFh \
  -ABANK7=0700h-07FFh -ABANK8=0800h-08FFh -ABANK9=0900h-09FFh \
  -ABANK10=0A00h-0AFFh -ABANK11=0B00h-0BFFh -ABANK12=0C00h-0CFFh \
  -ABANK13=0D00h-0DFFh -ABANK14=0E00h-0EFFh -ABANK15=0F00h-0F7Fh \
  -ASFR=0F80h-0FFFh -ABIGSFR=0F80h-0FFFh -ACONFIG=0300000h-030000Dh \
  -AIDLOC=0200000h-0200007h -AEEDATA=0F00000h-0F003FFh -peeprom_data=EEDATA \
  -preset_vec=00h,intcode=08h,intcodelo,powerup,init -pramtop=01000h \
  -psmallconst=SMALLCONST -pmediumconst=MEDIUMCONST -pconst=CONST \
  -AFARRAM=00h-00h \
  -prdata=COMRAM,nvrram=COMRAM,nvbit=COMRAM,rbss=COMRAM,rbit=COMRAM \
  -pfarbss=FARRAM,fardata=FARRAM,nvFARRAM=FARRAM \
  -pintsave_regs=BIGRAM,bigbss=BIGRAM,bigdata=BIGRAM -pbss=RAM \
  -pidata=CODE,irdata=CODE,ibigdata=CODE,ifardata=CODE -prparam=COMRAM \
  C:\Users\mstfy\AppData\Local\Temp\xcAsbj0.\driver_tmp_14.o \
  dist/default/debug\interfacing_projects.debug.o 

Object code version is 3.11

Machine type is 18F4620



                Name                               Link     Load   Length Selector   Space Scale
C:\Users\mstfy\AppData\Local\Temp\xcAsbj0.\driver_tmp_14.o
                config                           300000   300000        E        0       4
                init                                  E        E        4        4       0
                reset_vec                             0        0        4        0       0
dist/default/debug\interfacing_projects.debug.o
                intcode                               8        8        6        4       0
                config                           300000   300000        E        0       4
                temp                                 7E       7E        1        1       1
                smallconst                         1000     1000       3A      800       0
                text67                             4324     4324        4     2180       0
                text66                             4320     4320        4     2180       0
                text65                             431C     431C        4     2180       0
                text64                             432A     432A        2     2180       0
                text63                             4318     4318        4     2180       0
                text62                             4314     4314        4     2180       0
                text61                             4310     4310        4     2180       0
                text60                             430C     430C        4     2180       0
                text59                             4308     4308        4     2180       0
                text58                             4304     4304        4     2180       0
                text57                             4300     4300        4     2180       0
                text56                             42A2     42A2       1A      81D       0
                text55                             4288     4288       1A      81D       0
                text54                             426E     426E       1A      81D       0
                text53                             4254     4254       1A      81D       0
                text52                             42E6     42E6        C     2167       0
                text51                             42DA     42DA        C     2167       0
                text50                             42F2     42F2        8     2167       0
                text49                             42CE     42CE        C     2167       0
                intcode_body                       1F02     1F02      406      81D       0
                text47                             3610     3610       BE      81D       0
                text46                             3474     3474       D8      81D       0
                text45                             4054     4054       3A      81D       0
                text44                             41EE     41EE       24      81D       0
                text43                             3BE8     3BE8       70      81D       0
                text42                             2308     2308      39A      81D       0
                text41                             1AD8     1AD8      42A      81D       0
                text40                             3288     3288      106      81D       0
                text39                             2D8E     2D8E      1B4      81D       0
                text38                             2986     2986      23A      81D       0
                text37                             3A82     3A82       82      81D       0
                text36                             4234     4234       20      81D       0
                text35                             3B04     3B04       74      81D       0
                text34                             3CC6     3CC6       6E      81D       0
                text33                             3178     3178      110      81D       0
                text32                             2F42     2F42      126      81D       0
                text31                             3068     3068      110      81D       0
                text30                             3D9A     3D9A       5E      81D       0
                text29                             3C58     3C58       6E      81D       0
                text28                             3FD8     3FD8       40      81D       0
                text27                             3E54     3E54       5C      81D       0
                text26                             338E     338E       E6      81D       0
                text25                             4196     4196       30      81D       0
                text24                             41C6     41C6       28      81D       0
                text23                             3EB0     3EB0       56      81D       0
                text22                             1618     1618      4C0      81D       0
                text21                             3D34     3D34       66      81D       0
                text20                             103A     103A      5DE      81D       0
                text19                             3B78     3B78       70      81D       0
                text18                             3F06     3F06       4A      81D       0
                text17                             3F50     3F50       48      81D       0
                text16                             4166     4166       30      81D       0
                text15                             354C     354C       C4      81D       0
                text14                             36CE     36CE       B0      81D       0
                text13                             4132     4132       34      81D       0
                text12                             4328     4328        2     2180       0
                text11                             377E     377E       AA      81D       0
                text10                             2BC0     2BC0      1CE      81D       0
                text9                              3F98     3F98       40      81D       0
                text8                              40FE     40FE       34      81D       0
                text7                              38C4     38C4       9A      81D       0
                text6                              3DF8     3DF8       5C      81D       0
                text5                              3828     3828       9C      81D       0
                text4                              4018     4018       3C      81D       0
                text3                              395E     395E       96      81D       0
                text2                              40C6     40C6       38      81D       0
                text1                              408E     408E       38      81D       0
                text0                              26A2     26A2      2E4      81D       0
                cstackCOMRAM                          1        1       67        1       1
                cstackBANK1                         131      131        1      100       1
                dataBANK1                           120      120       11      100       1
                bssBANK1                            100      100       20      100       1
                dataBANK0                            DE       DE       22       80       1
                bssBANK0                             80       80       5E       80       1
                dataCOMRAM                           79       79        5        1       1
                bssCOMRAM                            68       68       11        1       1
                cinit                              39F4     39F4       8E      81D       0
                idataBANK1                         42BC     42BC       11      81D       0
                idataBANK0                         4212     4212       22      81D       0
                idataCOMRAM                        42FA     42FA        5     2167       0

TOTAL           Name                               Link     Load   Length     Space
        CLASS   CODE           
                intcode                               8        8        6         0
                init                                  E        E        4         0
                reset_vec                             0        0        4         0
                text67                             4324     4324        4         0
                text66                             4320     4320        4         0
                text65                             431C     431C        4         0
                text64                             432A     432A        2         0
                text63                             4318     4318        4         0
                text62                             4314     4314        4         0
                text61                             4310     4310        4         0
                text60                             430C     430C        4         0
                text59                             4308     4308        4         0
                text58                             4304     4304        4         0
                text57                             4300     4300        4         0
                text56                             42A2     42A2       1A         0
                text55                             4288     4288       1A         0
                text54                             426E     426E       1A         0
                text53                             4254     4254       1A         0
                text52                             42E6     42E6        C         0
                text51                             42DA     42DA        C         0
                text50                             42F2     42F2        8         0
                text49                             42CE     42CE        C         0
                intcode_body                       1F02     1F02      406         0
                text47                             3610     3610       BE         0
                text46                             3474     3474       D8         0
                text45                             4054     4054       3A         0
                text44                             41EE     41EE       24         0
                text43                             3BE8     3BE8       70         0
                text42                             2308     2308      39A         0
                text41                             1AD8     1AD8      42A         0
                text40                             3288     3288      106         0
                text39                             2D8E     2D8E      1B4         0
                text38                             2986     2986      23A         0
                text37                             3A82     3A82       82         0
                text36                             4234     4234       20         0
                text35                             3B04     3B04       74         0
                text34                             3CC6     3CC6       6E         0
                text33                             3178     3178      110         0
                text32                             2F42     2F42      126         0
                text31                             3068     3068      110         0
                text30                             3D9A     3D9A       5E         0
                text29                             3C58     3C58       6E         0
                text28                             3FD8     3FD8       40         0
                text27                             3E54     3E54       5C         0
                text26                             338E     338E       E6         0
                text25                             4196     4196       30         0
                text24                             41C6     41C6       28         0
                text23                             3EB0     3EB0       56         0
                text22                             1618     1618      4C0         0
                text21                             3D34     3D34       66         0
                text20                             103A     103A      5DE         0
                text19                             3B78     3B78       70         0
                text18                             3F06     3F06       4A         0
                text17                             3F50     3F50       48         0
                text16                             4166     4166       30         0
                text15                             354C     354C       C4         0
                text14                             36CE     36CE       B0         0
                text13                             4132     4132       34         0
                text12                             4328     4328        2         0
                text11                             377E     377E       AA         0
                text10                             2BC0     2BC0      1CE         0
                text9                              3F98     3F98       40         0
                text8                              40FE     40FE       34         0
                text7                              38C4     38C4       9A         0
                text6                              3DF8     3DF8       5C         0
                text5                              3828     3828       9C         0
                text4                              4018     4018       3C         0
                text3                              395E     395E       96         0
                text2                              40C6     40C6       38         0
                text1                              408E     408E       38         0
                text0                              26A2     26A2      2E4         0
                cinit                              39F4     39F4       8E         0
                idataBANK1                         42BC     42BC       11         0
                idataBANK0                         4212     4212       22         0
                idataCOMRAM                        42FA     42FA        5         0

        CLASS   CONST          

        CLASS   SMALLCONST     
                smallconst                         1000     1000       3A         0

        CLASS   MEDIUMCONST    

        CLASS   COMRAM         
                temp                                 7E       7E        1         1
                cstackCOMRAM                          1        1       67         1
                dataCOMRAM                           79       79        5         1
                bssCOMRAM                            68       68       11         1

        CLASS   ABS1           

        CLASS   BIGRAM         

        CLASS   RAM            

        CLASS   BANK0          
                dataBANK0                            DE       DE       22         1
                bssBANK0                             80       80       5E         1

        CLASS   BANK1          
                cstackBANK1                         131      131        1         1
                dataBANK1                           120      120       11         1
                bssBANK1                            100      100       20         1

        CLASS   BANK2          

        CLASS   BANK3          

        CLASS   BANK4          

        CLASS   BANK5          

        CLASS   BANK6          

        CLASS   BANK7          

        CLASS   BANK8          

        CLASS   BANK9          

        CLASS   BANK10         

        CLASS   BANK11         

        CLASS   BANK12         

        CLASS   BANK13         

        CLASS   BANK14         

        CLASS   BANK15         

        CLASS   SFR            

        CLASS   BIGSFR         

        CLASS   CONFIG         
                config                           300000   300000        E         4

        CLASS   IDLOC          

        CLASS   EEDATA         

        CLASS   FARRAM         

        CLASS   HEAP           

        CLASS   STACK          



SEGMENTS        Name                           Load    Length   Top    Selector   Space  Class

                reset_vec                      000000  000004  000004         0       0  CODE    
                cstackCOMRAM                   000001  00007E  00007F         1       1  COMRAM  
                intcode                        000008  00000A  000012         4       0  CODE    
                bssBANK0                       000080  000080  000100        80       1  BANK0   
                bssBANK1                       000100  000032  000132       100       1  BANK1   
                smallconst                     001000  00003A  00103A       800       0  SMALLCON
                text20                         00103A  003293  0042CD       81D       0  CODE    
                text49                         0042CE  000031  0042FF      2167       0  CODE    
                text57                         004300  00002C  00432C      2180       0  CODE    


UNUSED ADDRESS RANGES

        Name                Unused          Largest block    Delta
        BANK1            000132-0001FF               CE
        BANK10           000A00-000AFF              100
        BANK11           000B00-000BFF              100
        BANK12           000C00-000CFF              100
        BANK13           000D00-000DFF              100
        BANK14           000E00-000EFF              100
        BANK15           000F00-000F7F               80
        BANK2            000200-0002FF              100
        BANK3            000300-0003FF              100
        BANK4            000400-0004FF              100
        BANK5            000500-0005FF              100
        BANK6            000600-0006FF              100
        BANK7            000700-0007FF              100
        BANK8            000800-0008FF              100
        BANK9            000900-0009FF              100
        BIGRAM           00007F-00007F                1
                         000132-000F7F              E4E
        BIGSFR           000F80-000FFF               80
        CODE             000004-000007                4
                         000012-000FFF              FEE
                         0042CD-0042CD                1
                         0042FF-0042FF                1
                         00432C-00FFFF             BCD4
        COMRAM           00007F-00007F                1
        CONST            000004-000007                4
                         000012-000FFF              FEE
                         0042CD-0042CD                1
                         0042FF-0042FF                1
                         00432C-00FFFF             BCD4
        EEDATA           F00000-F003FF              400
        IDLOC            200000-200007                8
        MEDIUMCONST      0042CD-0042CD                1
                         0042FF-0042FF                1
                         00432C-00FFFF             BCD4
        RAM              000132-000F7F              100
        SFR              000F80-000FFF               80
        SMALLCONST       0042CD-0042CD                1
                         0042FF-0042FF                1
                         00432C-00FFFF              100

                                  Symbol Table

?___awdiv                                    cstackCOMRAM 000002
?___awmod                                    cstackCOMRAM 000002
?___fladd                                    cstackCOMRAM 000042
?___fldiv                                    cstackCOMRAM 000029
?___flmul                                    cstackCOMRAM 000010
?___fltol                                    cstackCOMRAM 000052
?___xxtofl                                   cstackCOMRAM 000002
?_abs                                        cstackCOMRAM 000008
?_sprintf                                    cstackCOMRAM 00001B
?_vfprintf                                   cstackCOMRAM 000017
ADC_GetConversion_Blocking@adc_obj           cstackCOMRAM 00000A
ADC_GetConversion_Blocking@channel           cstackCOMRAM 00000C
ADC_GetConversion_Blocking@conversion_result cstackCOMRAM 00000D
ADC_GetConversion_Blocking@ret               cstackCOMRAM 00000E
ADC_INIT@adc_obj                             cstackCOMRAM 000005
ADC_INIT@ret                                 cstackCOMRAM 00000A
Adc_Get_conversion_result@adc_obj            cstackCOMRAM 000002
Adc_Get_conversion_result@conversion_result  cstackCOMRAM 000004
Adc_Get_conversion_result@ret                cstackCOMRAM 000008
Adc_select_Channel@adc_obj                   cstackCOMRAM 000005
Adc_select_Channel@channal                   cstackCOMRAM 000007
Adc_select_Channel@ret                       cstackCOMRAM 000009
Adc_start_conversion@adc_obj                 cstackCOMRAM 000002
Adc_start_conversion@ret                     cstackCOMRAM 000004
CCP_INIt@_ccp                                cstackCOMRAM 000067
PWM_set_Duty@_ccp                            cstackCOMRAM 00005C
PWM_set_Duty@duty                            cstackCOMRAM 00005F
PWM_set_Duty@set_duty_valu                   cstackCOMRAM 000064
RB4_ISR@RB4_source                           cstackCOMRAM 000001
RB5_ISR@RB5_source                           cstackCOMRAM 000001
RB6_ISR@RB6_source                           cstackCOMRAM 000001
RB7_ISR@RB7_source                           cstackCOMRAM 000001
START_PWM@_ccp                               cstackCOMRAM 000002
TMR2_Init@TMR                                cstackCOMRAM 000002
_ADCON0bits                                  (abs)        000FC2
_ADCON1bits                                  (abs)        000FC1
_ADCON2bits                                  (abs)        000FC0
_ADC_GetConversion_Blocking                  text43       003BE8
_ADC_INIT                                    text33       003178
_ADC_INTERRUPT_HANDLERF                      bssBANK0     0000BC
_ADC_ISR                                     text67       004324
_ADRESH                                      (abs)        000FC4
_ADRESL                                      (abs)        000FC3
_Adc_Get_conversion_result                   text47       003610
_Adc_select_Channel                          text45       004054
_Adc_start_conversion                        text44       0041EE
_BAUDCONbits                                 (abs)        000FB8
_CCP1CONbits                                 (abs)        000FBD
_CCP1_INTERRUPT_HANDLERF                     bssBANK0     0000BA
_CCP1_ISR                                    text66       004320
_CCP2CONbits                                 (abs)        000FBA
_CCP2_INTERRUPT_HANDLERF                     bssBANK0     0000B8
_CCP2_ISR                                    text65       00431C
_CCPR1L                                      (abs)        000FBE
_CCPR2L                                      (abs)        000FBB
_CCP_INIt                                    text19       003B78
_EEADR                                       (abs)        000FA9
_EEADRH                                      (abs)        000FAA
_EECON1bits                                  (abs)        000FA6
_EECON2                                      (abs)        000FA7
_EEDATA                                      (abs)        000FA8
_EUSART_FRAMING_ERROR_INTERRUPT_HANDLERF     bssBANK0     0000B2
_EUSART_OVERRUN_ERROR_INTERRUPT_HANDLERF     bssBANK0     0000B0
_EUSART_RX_ASY_ISR                           text64       00432A
_EUSART_RX_INTERRUPT_HANDLERF                bssBANK0     0000B4
_EUSART_TX_ASY_ISR                           text63       004318
_EUSART_TX_INTERRUPT_HANDLERF                bssBANK0     0000B6
_I2C_BUS_COLLISION_ISR                       text62       004314
_I2C_INTERRUPT_HANDLERF                      bssBANK0     000094
_I2C_MODULE_TR_ISR                           text61       004310
_I2C_Receive_Overflow_IndicatoR_HANDLERF     bssBANK0     000096
_I2C_Write_Collision_HANDLERF                bssBANK0     000098
_INT0_ISR                                    text60       00430C
_INT0_InterruptHandeler                      bssBANK0     0000AE
_INT1_ISR                                    text59       004308
_INT1_InterruptHandeler                      bssBANK0     0000AC
_INT2_ISR                                    text58       004304
_INT2_InterruptHandeler                      bssBANK0     0000AA
_INTCON2bits                                 (abs)        000FF1
_INTCON3bits                                 (abs)        000FF0
_INTCONbits                                  (abs)        000FF2
_InterruptManager                            intcode      000008
_LATA                                        (abs)        000F89
_LATB                                        (abs)        000F8A
_LATC                                        (abs)        000F8B
_LATD                                        (abs)        000F8C
_LATE                                        (abs)        000F8D
_MSSP_SPI_INTERRUPT_HANDLERF                 bssBANK0     000092
_MSSP_Spi_ISR                                text57       004300
_PIE1bits                                    (abs)        000F9D
_PIE2bits                                    (abs)        000FA0
_PIR1bits                                    (abs)        000F9E
_PIR2bits                                    (abs)        000FA1
_PORTA                                       (abs)        000F80
_PORTB                                       (abs)        000F81
_PORTBbits                                   (abs)        000F81
_PORTC                                       (abs)        000F82
_PORTD                                       (abs)        000F83
_PORTE                                       (abs)        000F84
_PR2                                         (abs)        000FCB
_PWM_set_Duty                                text38       002986
_PWM_set_Duty$5773                           cstackCOMRAM 000060
_RB4_Flag                                    dataCOMRAM   00007D
_RB4_ISR                                     text56       0042A2
_RB4_InterruptHandeler_High                  bssBANK0     0000A8
_RB4_InterruptHandeler_Low                   bssBANK0     0000A6
_RB5_Flag                                    dataCOMRAM   00007C
_RB5_ISR                                     text55       004288
_RB5_InterruptHandeler_High                  bssBANK0     0000A4
_RB5_InterruptHandeler_Low                   bssBANK0     0000A2
_RB6_Flag                                    dataCOMRAM   00007B
_RB6_ISR                                     text54       00426E
_RB6_InterruptHandeler_High                  bssBANK0     0000A0
_RB6_InterruptHandeler_Low                   bssBANK0     00009E
_RB7_Flag                                    dataCOMRAM   00007A
_RB7_ISR                                     text53       004254
_RB7_InterruptHandeler_High                  bssBANK0     00009C
_RB7_InterruptHandeler_Low                   bssBANK0     00009A
_RCREG                                       (abs)        000FAE
_RCSTAbits                                   (abs)        000FAB
_SPBRG                                       (abs)        000FAF
_SPBRGH                                      (abs)        000FB0
_SSPADD                                      (abs)        000FC8
_SSPBUF                                      (abs)        000FC9
_SSPCON1bits                                 (abs)        000FC6
_SSPCON2bits                                 (abs)        000FC5
_SSPSTATbits                                 (abs)        000FC7
_START_PWM                                   text18       003F06
_T0CONbits                                   (abs)        000FD5
_T1CONbits                                   (abs)        000FCD
_T2CONbits                                   (abs)        000FCA
_T3CONbits                                   (abs)        000FB1
_TIMER0_INTERRUPPT                           bssBANK0     000090
_TIMER1_INTERRUPPT_HANDLERF                  bssBANK0     00008E
_TIMER3_INTERRUPT_HANDLERF                   bssBANK0     00008A
_TMR0H                                       (abs)        000FD7
_TMR0L                                       (abs)        000FD6
_TMR0_ISR                                    text52       0042E6
_TMR1H                                       (abs)        000FCF
_TMR1L                                       (abs)        000FCE
_TMR1_ISR                                    text51       0042DA
_TMR2                                        (abs)        000FCC
_TMR2_INTERRUPT_HANDLER                      bssBANK0     00008C
_TMR2_ISR                                    text50       0042F2
_TMR2_Init                                   text37       003A82
_TMR3H                                       (abs)        000FB3
_TMR3L                                       (abs)        000FB2
_TMR3_ISR                                    text49       0042CE
_TMR_INIT                                    text36       004234
_TRISA                                       (abs)        000F92
_TRISB                                       (abs)        000F93
_TRISC                                       (abs)        000F94
_TRISCbits                                   (abs)        000F94
_TRISD                                       (abs)        000F95
_TRISE                                       (abs)        000F96
_TXREG                                       (abs)        000FAD
_TXSTA1bits                                  (abs)        000FAC
_TXSTAbits                                   (abs)        000FAC
__HRAM                                       (abs)        000000
__H__absolute__                              __absolute__ 000000
__Habs1                                      abs1         000000
__Hbank0                                     bank0        000000
__Hbank1                                     bank1        000000
__Hbank10                                    bank10       000000
__Hbank11                                    bank11       000000
__Hbank12                                    bank12       000000
__Hbank13                                    bank13       000000
__Hbank14                                    bank14       000000
__Hbank15                                    bank15       000000
__Hbank2                                     bank2        000000
__Hbank3                                     bank3        000000
__Hbank4                                     bank4        000000
__Hbank5                                     bank5        000000
__Hbank6                                     bank6        000000
__Hbank7                                     bank7        000000
__Hbank8                                     bank8        000000
__Hbank9                                     bank9        000000
__Hbigbss                                    bigbss       000000
__Hbigdata                                   bigdata      000000
__Hbigram                                    bigram       000000
__Hbigsfr                                    bigsfr       000000
__Hbss                                       bss          000000
__HbssBANK0                                  bssBANK0     000000
__HbssBANK1                                  bssBANK1     000000
__HbssCOMRAM                                 bssCOMRAM    000000
__Hcinit                                     cinit        000000
__Hclrtext                                   clrtext      000000
__Hcomram                                    comram       000000
__Hconfig                                    config       30000E
__Hconst                                     const        000000
__HcstackBANK1                               cstackBANK1  000000
__HcstackCOMRAM                              cstackCOMRAM 000000
__Hdata                                      data         000000
__HdataBANK0                                 dataBANK0    000000
__HdataBANK1                                 dataBANK1    000000
__HdataCOMRAM                                dataCOMRAM   000000
__Heeprom_data                               eeprom_data  000000
__Hfarbss                                    farbss       000000
__Hfardata                                   fardata      000000
__Hheap                                      heap         000000
__Hibigdata                                  ibigdata     000000
__Hidata                                     idata        000000
__HidataBANK0                                idataBANK0   000000
__HidataBANK1                                idataBANK1   000000
__HidataCOMRAM                               idataCOMRAM  000000
__Hidloc                                     idloc        000000
__Hifardata                                  ifardata     000000
__Hinit                                      init         000012
__Hintcode                                   intcode      00000E
__Hintcode_body                              intcode_body 000000
__Hintcodelo                                 intcodelo    00000E
__Hintentry                                  intentry     000000
__Hintret                                    intret       000000
__Hintsave_regs                              intsave_regs 000000
__Hirdata                                    irdata       000000
__Hmediumconst                               mediumconst  000000
__HnvFARRAM                                  nvFARRAM     000000
__Hnvbit                                     nvbit        000000
__Hnvrram                                    nvrram       000000
__Hparam                                     rparam       000000
__Hpowerup                                   powerup      00000E
__Hram                                       ram          000000
__Hramtop                                    ramtop       001000
__Hrbit                                      rbit         000000
__Hrbss                                      rbss         000000
__Hrdata                                     rdata        000000
__Hreset_vec                                 reset_vec    000004
__Hrparam                                    rparam       000000
__Hsfr                                       sfr          000000
__Hsmallconst                                smallconst   00103A
__Hspace_0                                   (abs)        00432C
__Hspace_1                                   (abs)        000132
__Hspace_2                                   (abs)        000000
__Hspace_4                                   (abs)        60000E
__Hstack                                     stack        000000
__Hstruct                                    struct       000000
__Htemp                                      temp         00007F
__Htext                                      text         000000
__Htext0                                     text0        000000
__Htext1                                     text1        000000
__Htext10                                    text10       000000
__Htext11                                    text11       000000
__Htext12                                    text12       000000
__Htext13                                    text13       000000
__Htext14                                    text14       000000
__Htext15                                    text15       000000
__Htext16                                    text16       000000
__Htext17                                    text17       000000
__Htext18                                    text18       000000
__Htext19                                    text19       000000
__Htext2                                     text2        000000
__Htext20                                    text20       000000
__Htext21                                    text21       000000
__Htext22                                    text22       000000
__Htext23                                    text23       000000
__Htext24                                    text24       000000
__Htext25                                    text25       000000
__Htext26                                    text26       000000
__Htext27                                    text27       000000
__Htext28                                    text28       000000
__Htext29                                    text29       000000
__Htext3                                     text3        000000
__Htext30                                    text30       000000
__Htext31                                    text31       000000
__Htext32                                    text32       000000
__Htext33                                    text33       000000
__Htext34                                    text34       000000
__Htext35                                    text35       000000
__Htext36                                    text36       000000
__Htext37                                    text37       000000
__Htext38                                    text38       000000
__Htext39                                    text39       000000
__Htext4                                     text4        000000
__Htext40                                    text40       000000
__Htext41                                    text41       000000
__Htext42                                    text42       000000
__Htext43                                    text43       000000
__Htext44                                    text44       000000
__Htext45                                    text45       000000
__Htext46                                    text46       000000
__Htext47                                    text47       000000
__Htext49                                    text49       000000
__Htext5                                     text5        000000
__Htext50                                    text50       000000
__Htext51                                    text51       000000
__Htext52                                    text52       000000
__Htext53                                    text53       000000
__Htext54                                    text54       000000
__Htext55                                    text55       000000
__Htext56                                    text56       000000
__Htext57                                    text57       000000
__Htext58                                    text58       000000
__Htext59                                    text59       000000
__Htext6                                     text6        000000
__Htext60                                    text60       000000
__Htext61                                    text61       000000
__Htext62                                    text62       000000
__Htext63                                    text63       000000
__Htext64                                    text64       000000
__Htext65                                    text65       000000
__Htext66                                    text66       000000
__Htext67                                    text67       000000
__Htext7                                     text7        000000
__Htext8                                     text8        000000
__Htext9                                     text9        000000
__LRAM                                       (abs)        000001
__L__absolute__                              __absolute__ 000000
__Labs1                                      abs1         000000
__Lbank0                                     bank0        000000
__Lbank1                                     bank1        000000
__Lbank10                                    bank10       000000
__Lbank11                                    bank11       000000
__Lbank12                                    bank12       000000
__Lbank13                                    bank13       000000
__Lbank14                                    bank14       000000
__Lbank15                                    bank15       000000
__Lbank2                                     bank2        000000
__Lbank3                                     bank3        000000
__Lbank4                                     bank4        000000
__Lbank5                                     bank5        000000
__Lbank6                                     bank6        000000
__Lbank7                                     bank7        000000
__Lbank8                                     bank8        000000
__Lbank9                                     bank9        000000
__Lbigbss                                    bigbss       000000
__Lbigdata                                   bigdata      000000
__Lbigram                                    bigram       000000
__Lbigsfr                                    bigsfr       000000
__Lbss                                       bss          000000
__LbssBANK0                                  bssBANK0     000000
__LbssBANK1                                  bssBANK1     000000
__LbssCOMRAM                                 bssCOMRAM    000000
__Lcinit                                     cinit        000000
__Lclrtext                                   clrtext      000000
__Lcomram                                    comram       000000
__Lconfig                                    config       000000
__Lconst                                     const        000000
__LcstackBANK1                               cstackBANK1  000000
__LcstackCOMRAM                              cstackCOMRAM 000000
__Ldata                                      data         000000
__LdataBANK0                                 dataBANK0    000000
__LdataBANK1                                 dataBANK1    000000
__LdataCOMRAM                                dataCOMRAM   000000
__Leeprom_data                               eeprom_data  000000
__Lfarbss                                    farbss       000000
__Lfardata                                   fardata      000000
__Lheap                                      heap         000000
__Libigdata                                  ibigdata     000000
__Lidata                                     idata        000000
__LidataBANK0                                idataBANK0   000000
__LidataBANK1                                idataBANK1   000000
__LidataCOMRAM                               idataCOMRAM  000000
__Lidloc                                     idloc        000000
__Lifardata                                  ifardata     000000
__Linit                                      init         00000E
__Lintcode                                   intcode      000008
__Lintcode_body                              intcode_body 000000
__Lintcodelo                                 intcodelo    00000E
__Lintentry                                  intentry     000000
__Lintret                                    intret       000000
__Lintsave_regs                              intsave_regs 000000
__Lirdata                                    irdata       000000
__Lmediumconst                               mediumconst  000000
__LnvFARRAM                                  nvFARRAM     000000
__Lnvbit                                     nvbit        000000
__Lnvrram                                    nvrram       000000
__Lparam                                     rparam       000000
__Lpowerup                                   powerup      00000E
__Lram                                       ram          000000
__Lramtop                                    ramtop       001000
__Lrbit                                      rbit         000000
__Lrbss                                      rbss         000000
__Lrdata                                     rdata        000000
__Lreset_vec                                 reset_vec    000000
__Lrparam                                    rparam       000000
__Lsfr                                       sfr          000000
__Lsmallconst                                smallconst   001000
__Lspace_0                                   (abs)        000000
__Lspace_1                                   (abs)        000000
__Lspace_2                                   (abs)        000000
__Lspace_4                                   (abs)        000000
__Lstack                                     stack        000000
__Lstruct                                    struct       000000
__Ltemp                                      temp         00007E
__Ltext                                      text         000000
__Ltext0                                     text0        000000
__Ltext1                                     text1        000000
__Ltext10                                    text10       000000
__Ltext11                                    text11       000000
__Ltext12                                    text12       000000
__Ltext13                                    text13       000000
__Ltext14                                    text14       000000
__Ltext15                                    text15       000000
__Ltext16                                    text16       000000
__Ltext17                                    text17       000000
__Ltext18                                    text18       000000
__Ltext19                                    text19       000000
__Ltext2                                     text2        000000
__Ltext20                                    text20       000000
__Ltext21                                    text21       000000
__Ltext22                                    text22       000000
__Ltext23                                    text23       000000
__Ltext24                                    text24       000000
__Ltext25                                    text25       000000
__Ltext26                                    text26       000000
__Ltext27                                    text27       000000
__Ltext28                                    text28       000000
__Ltext29                                    text29       000000
__Ltext3                                     text3        000000
__Ltext30                                    text30       000000
__Ltext31                                    text31       000000
__Ltext32                                    text32       000000
__Ltext33                                    text33       000000
__Ltext34                                    text34       000000
__Ltext35                                    text35       000000
__Ltext36                                    text36       000000
__Ltext37                                    text37       000000
__Ltext38                                    text38       000000
__Ltext39                                    text39       000000
__Ltext4                                     text4        000000
__Ltext40                                    text40       000000
__Ltext41                                    text41       000000
__Ltext42                                    text42       000000
__Ltext43                                    text43       000000
__Ltext44                                    text44       000000
__Ltext45                                    text45       000000
__Ltext46                                    text46       000000
__Ltext47                                    text47       000000
__Ltext49                                    text49       000000
__Ltext5                                     text5        000000
__Ltext50                                    text50       000000
__Ltext51                                    text51       000000
__Ltext52                                    text52       000000
__Ltext53                                    text53       000000
__Ltext54                                    text54       000000
__Ltext55                                    text55       000000
__Ltext56                                    text56       000000
__Ltext57                                    text57       000000
__Ltext58                                    text58       000000
__Ltext59                                    text59       000000
__Ltext6                                     text6        000000
__Ltext60                                    text60       000000
__Ltext61                                    text61       000000
__Ltext62                                    text62       000000
__Ltext63                                    text63       000000
__Ltext64                                    text64       000000
__Ltext65                                    text65       000000
__Ltext66                                    text66       000000
__Ltext67                                    text67       000000
__Ltext7                                     text7        000000
__Ltext8                                     text8        000000
__Ltext9                                     text9        000000
__S0                                         (abs)        00432C
__S1                                         (abs)        000132
__S4                                         (abs)        000000
__S5                                         (abs)        000000
___awdiv                                     text15       00354C
___awdiv@counter                             cstackCOMRAM 000006
___awdiv@dividend                            cstackCOMRAM 000002
___awdiv@divisor                             cstackCOMRAM 000004
___awdiv@quotient                            cstackCOMRAM 000008
___awdiv@sign                                cstackCOMRAM 000007
___awmod                                     text14       0036CE
___awmod@counter                             cstackCOMRAM 000006
___awmod@dividend                            cstackCOMRAM 000002
___awmod@divisor                             cstackCOMRAM 000004
___awmod@sign                                cstackCOMRAM 000007
___fladd                                     text22       001618
___fladd@a                                   cstackCOMRAM 000046
___fladd@aexp                                cstackCOMRAM 00004F
___fladd@b                                   cstackCOMRAM 000042
___fladd@bexp                                cstackCOMRAM 000050
___fladd@grs                                 cstackCOMRAM 000051
___fladd@signs                               cstackCOMRAM 00004E
___fldiv                                     text42       002308
___fldiv@a                                   cstackCOMRAM 00002D
___fldiv@aexp                                cstackCOMRAM 000041
___fldiv@b                                   cstackCOMRAM 000029
___fldiv@bexp                                cstackCOMRAM 000040
___fldiv@grs                                 cstackCOMRAM 00003C
___fldiv@new_exp                             cstackCOMRAM 00003A
___fldiv@rem                                 cstackCOMRAM 000035
___fldiv@sign                                cstackCOMRAM 000039
___flmul                                     text41       001AD8
___flmul@a                                   cstackCOMRAM 000014
___flmul@aexp                                cstackCOMRAM 000021
___flmul@b                                   cstackCOMRAM 000010
___flmul@bexp                                cstackCOMRAM 000022
___flmul@grs                                 cstackCOMRAM 00001D
___flmul@prod                                cstackCOMRAM 000023
___flmul@sign                                cstackCOMRAM 00001C
___flmul@temp                                cstackCOMRAM 000027
___fltol                                     text40       003288
___fltol@exp1                                cstackCOMRAM 00005B
___fltol@f1                                  cstackCOMRAM 000052
___fltol@sign1                               cstackCOMRAM 00005A
___heap_hi                                   (abs)        000000
___heap_lo                                   (abs)        000000
___inthi_sp                                  stack        000000
___inthi_stack_hi                            stack        000000
___inthi_stack_lo                            stack        000000
___intlo_sp                                  stack        000000
___intlo_stack_hi                            stack        000000
___intlo_stack_lo                            stack        000000
___param_bank                                (abs)        000000
___rparam_used                               (abs)        000001
___sp                                        stack        000000
___stack_hi                                  stack        000000
___stack_lo                                  stack        000000
___xxtofl                                    text39       002D8E
___xxtofl@arg                                cstackCOMRAM 00000C
___xxtofl@exp                                cstackCOMRAM 00000B
___xxtofl@sign                               cstackCOMRAM 00000A
___xxtofl@val                                cstackCOMRAM 000002
__accesstop                                  (abs)        000080
__activetblptr                               (abs)        000003
__end_of_ADC_GetConversion_Blocking          text43       003C58
__end_of_ADC_INIT                            text33       003288
__end_of_ADC_ISR                             text67       004328
__end_of_Adc_Get_conversion_result           text47       0036CE
__end_of_Adc_select_Channel                  text45       00408E
__end_of_Adc_start_conversion                text44       004212
__end_of_CCP1_ISR                            text66       004324
__end_of_CCP2_ISR                            text65       004320
__end_of_CCP_INIt                            text19       003BE8
__end_of_EUSART_RX_ASY_ISR                   text64       00432C
__end_of_EUSART_TX_ASY_ISR                   text63       00431C
__end_of_I2C_BUS_COLLISION_ISR               text62       004318
__end_of_I2C_MODULE_TR_ISR                   text61       004314
__end_of_INT0_ISR                            text60       004310
__end_of_INT1_ISR                            text59       00430C
__end_of_INT2_ISR                            text58       004308
__end_of_InterruptManager                    intcode_body 002308
__end_of_MSSP_Spi_ISR                        text57       004304
__end_of_PWM_set_Duty                        text38       002BC0
__end_of_RB4_ISR                             text56       0042BC
__end_of_RB5_ISR                             text55       0042A2
__end_of_RB6_ISR                             text54       004288
__end_of_RB7_ISR                             text53       00426E
__end_of_START_PWM                           text18       003F50
__end_of_TMR0_ISR                            text52       0042F2
__end_of_TMR1_ISR                            text51       0042E6
__end_of_TMR2_ISR                            text50       0042FA
__end_of_TMR2_Init                           text37       003B04
__end_of_TMR3_ISR                            text49       0042DA
__end_of_TMR_INIT                            text36       004254
__end_of___awdiv                             text15       003610
__end_of___awmod                             text14       00377E
__end_of___fladd                             text22       001AD8
__end_of___fldiv                             text42       0026A2
__end_of___flmul                             text41       001F02
__end_of___fltol                             text40       00338E
__end_of___xxtofl                            text39       002F42
__end_of__initialization                     cinit        003A78
__end_of_abs                                 text13       004166
__end_of_adc_configure_pin                   text46       00354C
__end_of_adc_select_Voltage                  text35       003B78
__end_of_adc_select_format                   text34       003D34
__end_of_app_initialize                      text24       0041EE
__end_of_ccp_init                            text17       003F98
__end_of_ccp_interrupt                       text23       003F06
__end_of_configure_mode                      text20       001618
__end_of_convert_uint16_to_string            text7        00395E
__end_of_fputc                               text11       003828
__end_of_gpio_pin_direction_intialize        text32       003068
__end_of_gpio_pin_intialize                  text30       003DF8
__end_of_gpio_pin_write_logic                text31       003178
__end_of_keypad_values                       smallconst   001011
__end_of_lcd_4bit_initialize                 text26       003474
__end_of_lcd_4bit_send_command               text27       003EB0
__end_of_lcd_4bit_send_data_char             text6        003E54
__end_of_lcd_4bit_send_data_char_posit       text4        004054
__end_of_lcd_4bit_send_data_string_posit     text3        0039F4
__end_of_lcd_send_4bit_command_data          text29       003CC6
__end_of_lcd_send_4bit_enable                text28       004018
__end_of_lcd_set_cursor_4bit                 text5        0038C4
__end_of_main                                text0        002986
__end_of_memset                              text16       004196
__end_of_motor_initialize                    text25       0041C6
__end_of_motor_move_left                     text2        0040FE
__end_of_motor_stop                          text1        0040C6
__end_of_putch                               text12       00432A
__end_of_selected_timer                      text21       003D9A
__end_of_sprintf                             text8        004132
__end_of_vfpfcnvrt                           text10       002D8E
__end_of_vfprintf                            text9        003FD8
__initialization                             cinit        0039F4
__mediumconst                                mediumconst  000000
__pbssBANK0                                  bssBANK0     000080
__pbssBANK1                                  bssBANK1     000100
__pbssCOMRAM                                 bssCOMRAM    000068
__pcinit                                     cinit        0039F4
__pcstackBANK1                               cstackBANK1  000131
__pcstackCOMRAM                              cstackCOMRAM 000001
__pdataBANK0                                 dataBANK0    0000DE
__pdataBANK1                                 dataBANK1    000120
__pdataCOMRAM                                dataCOMRAM   000079
__pidataBANK0                                idataBANK0   004212
__pidataBANK1                                idataBANK1   0042BC
__pidataCOMRAM                               idataCOMRAM  0042FA
__pintcode                                   intcode      000008
__pintcode_body                              intcode_body 001F02
__psmallconst                                smallconst   001000
__ptext0                                     text0        0026A2
__ptext1                                     text1        00408E
__ptext10                                    text10       002BC0
__ptext11                                    text11       00377E
__ptext12                                    text12       004328
__ptext13                                    text13       004132
__ptext14                                    text14       0036CE
__ptext15                                    text15       00354C
__ptext16                                    text16       004166
__ptext17                                    text17       003F50
__ptext18                                    text18       003F06
__ptext19                                    text19       003B78
__ptext2                                     text2        0040C6
__ptext20                                    text20       00103A
__ptext21                                    text21       003D34
__ptext22                                    text22       001618
__ptext23                                    text23       003EB0
__ptext24                                    text24       0041C6
__ptext25                                    text25       004196
__ptext26                                    text26       00338E
__ptext27                                    text27       003E54
__ptext28                                    text28       003FD8
__ptext29                                    text29       003C58
__ptext3                                     text3        00395E
__ptext30                                    text30       003D9A
__ptext31                                    text31       003068
__ptext32                                    text32       002F42
__ptext33                                    text33       003178
__ptext34                                    text34       003CC6
__ptext35                                    text35       003B04
__ptext36                                    text36       004234
__ptext37                                    text37       003A82
__ptext38                                    text38       002986
__ptext39                                    text39       002D8E
__ptext4                                     text4        004018
__ptext40                                    text40       003288
__ptext41                                    text41       001AD8
__ptext42                                    text42       002308
__ptext43                                    text43       003BE8
__ptext44                                    text44       0041EE
__ptext45                                    text45       004054
__ptext46                                    text46       003474
__ptext47                                    text47       003610
__ptext49                                    text49       0042CE
__ptext5                                     text5        003828
__ptext50                                    text50       0042F2
__ptext51                                    text51       0042DA
__ptext52                                    text52       0042E6
__ptext53                                    text53       004254
__ptext54                                    text54       00426E
__ptext55                                    text55       004288
__ptext56                                    text56       0042A2
__ptext57                                    text57       004300
__ptext58                                    text58       004304
__ptext59                                    text59       004308
__ptext6                                     text6        003DF8
__ptext60                                    text60       00430C
__ptext61                                    text61       004310
__ptext62                                    text62       004314
__ptext63                                    text63       004318
__ptext64                                    text64       00432A
__ptext65                                    text65       00431C
__ptext66                                    text66       004320
__ptext67                                    text67       004324
__ptext7                                     text7        0038C4
__ptext8                                     text8        0040FE
__ptext9                                     text9        003F98
__ramtop                                     ramtop       001000
__smallconst                                 smallconst   001000
_abs                                         text13       004132
_adc_configure_pin                           text46       003474
_adc_select_Voltage                          text35       003B04
_adc_select_format                           text34       003CC6
_app_initialize                              text24       0041C6
_ccp_init                                    text17       003F50
_ccp_interrupt                               text23       003EB0
_ccp_obj                                     bssBANK0     0000C1
_configure_mode                              text20       00103A
_configure_mode$5774                         cstackCOMRAM 00005F
_configure_mode$5775                         cstackCOMRAM 000063
_convert_uint16_to_string                    text7        0038C4
_dbuf                                        bssBANK1     000100
_degr_cel                                    bssCOMRAM    000068
_fan_mode                                    bssCOMRAM    000070
_flags                                       bssBANK0     0000BE
_fputc                                       text11       00377E
_gpio_pin_direction_intialize                text32       002F42
_gpio_pin_intialize                          text30       003D9A
_gpio_pin_write_logic                        text31       003068
_keypad_values                               smallconst   001001
_lat_registers                               dataBANK0    0000DE
_lcd_1                                       dataBANK0    0000F8
_lcd_4bit_initialize                         text26       00338E
_lcd_4bit_send_command                       text27       003E54
_lcd_4bit_send_data_char                     text6        003DF8
_lcd_4bit_send_data_char_posit               text4        004018
_lcd_4bit_send_data_string_posit             text3        00395E
_lcd_send_4bit_command_data                  text29       003C58
_lcd_send_4bit_enable                        text28       003FD8
_lcd_set_cursor_4bit                         text5        003828
_main                                        text0        0026A2
_memset                                      text16       004166
_motor_1                                     dataBANK0    0000FE
_motor_initialize                            text25       004196
_motor_move_left                             text2        0040C6
_motor_stop                                  text1        00408E
_port_registers                              dataBANK1    000120
_prec                                        bssBANK0     000088
_preload_val                                 bssCOMRAM    000071
_preload_vall                                bssCOMRAM    00006A
_preload_value                               bssCOMRAM    00006E
_preload_value@hal_timer1$F4037              bssCOMRAM    00006C
_putch                                       text12       004328
_ret                                         bssBANK0     0000BF
_selected_timer                              text21       003D34
_sens_res                                    bssBANK0     0000DC
_sprintf                                     text8        0040FE
_str                                         bssBANK0     0000D0
_temp_sens                                   dataBANK1    00012A
_tm2                                         bssBANK0     0000D6
_tmr1_counter                                bssBANK0     0000C0
_tris_registers                              dataBANK0    0000E8
_vfpfcnvrt                                   text10       002BC0
_vfprintf                                    text9        003F98
_width                                       bssBANK0     000086
abs@a                                        cstackCOMRAM 000008
adc_configure_pin@adc_obj                    cstackCOMRAM 000004
adc_select_Voltage@adc_obj                   cstackCOMRAM 000002
adc_select_format@adc_obj                    cstackCOMRAM 000002
app_initialize@ret                           cstackCOMRAM 000014
btemp                                        temp         00007E
ccp_interrupt@_ccp                           cstackCOMRAM 000002
configure_mode@_ccp                          cstackCOMRAM 00005C
convert_uint16_to_string@counter             cstackCOMRAM 000036
convert_uint16_to_string@num                 cstackCOMRAM 00002C
convert_uint16_to_string@ret                 cstackCOMRAM 000035
convert_uint16_to_string@str                 cstackCOMRAM 00002E
convert_uint16_to_string@temp                cstackCOMRAM 00002F
end_of_initialization                        cinit        003A78
fputc@c                                      cstackCOMRAM 000002
fputc@fp                                     cstackCOMRAM 000004
gpio_pin_direction_intialize@__pin_t         cstackCOMRAM 000002
gpio_pin_direction_intialize@ret             cstackCOMRAM 000008
gpio_pin_intialize@_pin_t                    cstackCOMRAM 00000A
gpio_pin_intialize@ret                       cstackCOMRAM 00000C
gpio_pin_write_logic@_pin_t                  cstackCOMRAM 000002
gpio_pin_write_logic@logic                   cstackCOMRAM 000003
gpio_pin_write_logic@ret                     cstackCOMRAM 000009
int$flags                                    temp         00007E
int_func                                     intcode_body 001F02
intlevel0                                    text         000000
intlevel1                                    text         000000
intlevel2                                    text         000000
intlevel3                                    text         000000
isa$std                                      (abs)        000001
isa$xinst                                    (abs)        000000
lcd_4bit_initialize@l_counter                cstackCOMRAM 000012
lcd_4bit_initialize@lcd                      cstackCOMRAM 000010
lcd_4bit_initialize@ret                      cstackCOMRAM 000013
lcd_4bit_send_command@command                cstackCOMRAM 00000E
lcd_4bit_send_command@lcd                    cstackCOMRAM 00000D
lcd_4bit_send_command@ret                    cstackCOMRAM 00000F
lcd_4bit_send_data_char@data                 cstackCOMRAM 00000E
lcd_4bit_send_data_char@lcd                  cstackCOMRAM 00000D
lcd_4bit_send_data_char@ret                  cstackCOMRAM 00000F
lcd_4bit_send_data_char_posit@colunm         cstackCOMRAM 000018
lcd_4bit_send_data_char_posit@data           cstackCOMRAM 000019
lcd_4bit_send_data_char_posit@lcd            cstackCOMRAM 000016
lcd_4bit_send_data_char_posit@ret            cstackCOMRAM 00001A
lcd_4bit_send_data_char_posit@row            cstackCOMRAM 000017
lcd_4bit_send_data_string_posit@colunm       cstackCOMRAM 000018
lcd_4bit_send_data_string_posit@data         cstackCOMRAM 000019
lcd_4bit_send_data_string_posit@lcd          cstackCOMRAM 000016
lcd_4bit_send_data_string_posit@ret          cstackCOMRAM 00001B
lcd_4bit_send_data_string_posit@row          cstackCOMRAM 000017
lcd_send_4bit_command_data@data              cstackCOMRAM 00000B
lcd_send_4bit_command_data@lcd               cstackCOMRAM 00000A
lcd_send_4bit_command_data@ret               cstackCOMRAM 00000C
lcd_send_4bit_enable@lcd                     cstackCOMRAM 00000A
lcd_send_4bit_enable@ret                     cstackCOMRAM 00000B
lcd_set_cursor_4bit@column                   cstackCOMRAM 000012
lcd_set_cursor_4bit@lcd                      cstackCOMRAM 000010
lcd_set_cursor_4bit@ret                      cstackCOMRAM 000015
lcd_set_cursor_4bit@row                      cstackCOMRAM 000011
led_intalize@F3054                           bssCOMRAM    000078
led_off@F3064                                bssCOMRAM    000076
led_on@F3059                                 bssCOMRAM    000077
led_toggle@F3069                             bssCOMRAM    000075
memset@c                                     cstackCOMRAM 000003
memset@dest                                  cstackCOMRAM 000002
memset@n                                     cstackCOMRAM 000005
memset@p                                     cstackCOMRAM 000007
motor_initialize@motor                       cstackCOMRAM 00000D
motor_initialize@ret                         cstackCOMRAM 00000E
motor_move_left@motor                        cstackCOMRAM 00000A
motor_move_left@ret                          cstackCOMRAM 00000B
motor_stop@motor                             cstackCOMRAM 00000A
motor_stop@ret                               cstackCOMRAM 00000B
relay_initalize@F3052                        bssCOMRAM    000074
relay_off@F3062                              bssCOMRAM    000072
relay_on@F3057                               bssCOMRAM    000073
selected_timer@_ccp                          cstackCOMRAM 000002
spi_master_mode_configuration@F3131          dataCOMRAM   000079
spi_master_mode_configuration@F3133          dataBANK0    0000F7
spi_master_mode_configuration@F3135          dataBANK0    0000F6
spi_slave_mode_configuration@F3139           dataBANK0    0000F5
spi_slave_mode_configuration@F3141           dataBANK0    0000F4
spi_slave_mode_configuration@F3143           dataBANK0    0000F3
spi_slave_mode_configuration@F3145           dataBANK0    0000F2
sprintf@ap                                   cstackCOMRAM 00001F
sprintf@f                                    cstackCOMRAM 000020
sprintf@fmt                                  cstackCOMRAM 00001C
sprintf@s                                    cstackCOMRAM 00001B
stackhi                                      (abs)        000000
stacklo                                      (abs)        000000
start                                        init         00000E
start_initialization                         cinit        0039F4
ttemp5                                       temp         00007F
ttemp6                                       temp         000082
ttemp7                                       temp         000086
vfpfcnvrt@ap                                 cstackCOMRAM 00000E
vfpfcnvrt@c                                  cstackCOMRAM 000016
vfpfcnvrt@convarg                            cstackCOMRAM 000012
vfpfcnvrt@cp                                 cstackCOMRAM 000011
vfpfcnvrt@done                               cstackCOMRAM 000010
vfpfcnvrt@fmt                                cstackCOMRAM 00000D
vfpfcnvrt@fp                                 cstackCOMRAM 00000C
vfprintf@ap                                  cstackCOMRAM 000019
vfprintf@cfmt                                cstackCOMRAM 00001A
vfprintf@fmt                                 cstackCOMRAM 000018
vfprintf@fp                                  cstackCOMRAM 000017
wtemp8                                       temp         00007F


MODULE INFORMATION

Module		Function		Class		Link	Load	Size
MCAL_Layer/MSSP_SPI/hal_spi.c
		_MSSP_Spi_ISR  		CODE           	4300	0000	4

MCAL_Layer/MSSP_SPI/hal_spi.c estimated size: 4

MCAL_Layer/MSSP_I2C/hal_i2c.c
		_I2C_BUS_COLLISION_ISR		CODE           	4314	0000	4
		_I2C_MODULE_TR_ISR		CODE           	4310	0000	4

MCAL_Layer/MSSP_I2C/hal_i2c.c estimated size: 8

C:\Program Files\Microchip\xc8\v2.45\pic\sources\c99\common\sprcmul.c
		___flmul       		CODE           	1AD8	0000	1066

C:\Program Files\Microchip\xc8\v2.45\pic\sources\c99\common\sprcmul.c estimated size: 1066

ECU_Layer/DC_MOTOR/ecu_dc_motor.c
		_motor_move_left		CODE           	40C6	0000	56
		_motor_stop    		CODE           	408E	0000	56
		_motor_initialize		CODE           	4196	0000	48

ECU_Layer/DC_MOTOR/ecu_dc_motor.c estimated size: 160

ECU_Layer/CHR_LCD/ecu_chr_lcd.c
		_lcd_4bit_send_data_string_posit		CODE           	395E	0000	150
		_lcd_4bit_send_command		CODE           	3E54	0000	92
		_lcd_set_cursor_4bit		CODE           	3828	0000	156
		_lcd_4bit_send_data_char		CODE           	3DF8	0000	92
		_convert_uint16_to_string		CODE           	38C4	0000	154
		_lcd_4bit_send_data_char_posit		CODE           	4018	0000	60
		_lcd_send_4bit_enable		CODE           	3FD8	0000	64
		_lcd_4bit_initialize		CODE           	338E	0000	230
		_lcd_send_4bit_command_data		CODE           	3C58	0000	110

ECU_Layer/CHR_LCD/ecu_chr_lcd.c estimated size: 1108

C:\Program Files\Microchip\xc8\v2.45\pic\sources\c99\common\sprcdiv.c
		___fldiv       		CODE           	2308	0000	922

C:\Program Files\Microchip\xc8\v2.45\pic\sources\c99\common\sprcdiv.c estimated size: 922

MCAL_Layer/TIMER3/hal_timer3.c
		_TMR3_ISR      		CODE           	42CE	0000	12

MCAL_Layer/TIMER3/hal_timer3.c estimated size: 12

MCAL_Layer/TIMER2/hal_timer2.c
		_TMR2_ISR      		CODE           	42F2	0000	8
		_TMR2_Init     		CODE           	3A82	0000	130

MCAL_Layer/TIMER2/hal_timer2.c estimated size: 138

MCAL_Layer/TIMER1/hal_timer1.c
		_TMR1_ISR      		CODE           	42DA	0000	12

MCAL_Layer/TIMER1/hal_timer1.c estimated size: 12

C:\Program Files\Microchip\xc8\v2.45\pic\sources\c99\common\nf_sprintf.c
		_sprintf       		CODE           	40FE	0000	52

C:\Program Files\Microchip\xc8\v2.45\pic\sources\c99\common\nf_sprintf.c estimated size: 52

MCAL_Layer/TIMER0/hal_timer0.c
		_TMR0_ISR      		CODE           	42E6	0000	12

MCAL_Layer/TIMER0/hal_timer0.c estimated size: 12

C:\Program Files\Microchip\xc8\v2.45\pic\sources\c99\common\awmod.c
		___awmod       		CODE           	36CE	0000	176

C:\Program Files\Microchip\xc8\v2.45\pic\sources\c99\common\awmod.c estimated size: 176

C:\Program Files\Microchip\xc8\v2.45\pic\sources\c99\common\putch.c
		_putch         		CODE           	4328	0000	2

C:\Program Files\Microchip\xc8\v2.45\pic\sources\c99\common\putch.c estimated size: 2

shared
		__initialization		CODE           	39F4	0000	132
		_keypad_values 		SMALLCONST     	1001	0000	16

shared estimated size: 148

C:\Program Files\Microchip\xc8\v2.45\pic\sources\c99\common\xxtofl.c
		___xxtofl      		CODE           	2D8E	0000	436

C:\Program Files\Microchip\xc8\v2.45\pic\sources\c99\common\xxtofl.c estimated size: 436

MCAL_Layer/EUSART/hal_usart.c
		_EUSART_RX_ASY_ISR		CODE           	432A	0000	2
		_EUSART_TX_ASY_ISR		CODE           	4318	0000	4

MCAL_Layer/EUSART/hal_usart.c estimated size: 6

MCAL_Layer/Interrupt/mcal_external_interrupt.c
		_RB4_ISR       		CODE           	42A2	0000	26
		_RB5_ISR       		CODE           	4288	0000	26
		_RB6_ISR       		CODE           	426E	0000	26
		_RB7_ISR       		CODE           	4254	0000	26
		_INT0_ISR      		CODE           	430C	0000	4
		_INT1_ISR      		CODE           	4308	0000	4
		_INT2_ISR      		CODE           	4304	0000	4

MCAL_Layer/Interrupt/mcal_external_interrupt.c estimated size: 116

C:\Program Files\Microchip\xc8\v2.45\pic\sources\c99\common\abs.c
		_abs           		CODE           	4132	0000	52

C:\Program Files\Microchip\xc8\v2.45\pic\sources\c99\common\abs.c estimated size: 52

MCAL_Layer/CPP1/hal_ccp.c
		_ccp_interrupt 		CODE           	3EB0	0000	86
		_configure_mode		CODE           	103A	0000	1502
		_CCP1_ISR      		CODE           	4320	0000	4
		_CCP_INIt      		CODE           	3B78	0000	112
		_selected_timer		CODE           	3D34	0000	102
		_CCP2_ISR      		CODE           	431C	0000	4
		_PWM_set_Duty  		CODE           	2986	0000	570
		_START_PWM     		CODE           	3F06	0000	74

MCAL_Layer/CPP1/hal_ccp.c estimated size: 2454

MCAL_Layer/ADC/hal_adc.c
		_Adc_Get_conversion_result		CODE           	3610	0000	190
		_ADC_GetConversion_Blocking		CODE           	3BE8	0000	112
		_Adc_start_conversion		CODE           	41EE	0000	36
		_Adc_select_Channel		CODE           	4054	0000	58
		_ADC_ISR       		CODE           	4324	0000	4
		_adc_select_format		CODE           	3CC6	0000	110
		_ADC_INIT      		CODE           	3178	0000	272
		_adc_configure_pin		CODE           	3474	0000	216
		_adc_select_Voltage		CODE           	3B04	0000	116

MCAL_Layer/ADC/hal_adc.c estimated size: 1114

MCAL_Layer/Interrupt/mcal_interrupt_manager.c
		_InterruptManager		CODE           	0008	0000	1036

MCAL_Layer/Interrupt/mcal_interrupt_manager.c estimated size: 1036

MCAL_Layer/GPIO/hal_gpio.c
		_gpio_pin_write_logic		CODE           	3068	0000	272
		_gpio_pin_intialize		CODE           	3D9A	0000	94
		_gpio_pin_direction_intialize		CODE           	2F42	0000	294

MCAL_Layer/GPIO/hal_gpio.c estimated size: 660

C:\Program Files\Microchip\xc8\v2.45\pic\sources\c99\common\memset.c
		_memset        		CODE           	4166	0000	48

C:\Program Files\Microchip\xc8\v2.45\pic\sources\c99\common\memset.c estimated size: 48

C:\Program Files\Microchip\xc8\v2.45\pic\sources\c99\common\sprcadd.c
		___fladd       		CODE           	1618	0000	1216

C:\Program Files\Microchip\xc8\v2.45\pic\sources\c99\common\sprcadd.c estimated size: 1216

application.c
		_main          		CODE           	26A2	0000	740
		_ccp_init      		CODE           	3F50	0000	72
		_app_initialize		CODE           	41C6	0000	40
		_TMR_INIT      		CODE           	4234	0000	32

application.c estimated size: 884

C:\Program Files\Microchip\xc8\v2.45\pic\sources\c99\common\nf_fputc.c
		_fputc         		CODE           	377E	0000	170

C:\Program Files\Microchip\xc8\v2.45\pic\sources\c99\common\nf_fputc.c estimated size: 170

C:\Program Files\Microchip\xc8\v2.45\pic\sources\c99\common\doprnt.c
		_vfpfcnvrt     		CODE           	2BC0	0000	462
		_vfprintf      		CODE           	3F98	0000	64

C:\Program Files\Microchip\xc8\v2.45\pic\sources\c99\common\doprnt.c estimated size: 526

C:\Program Files\Microchip\xc8\v2.45\pic\sources\c99\common\awdiv.c
		___awdiv       		CODE           	354C	0000	196

C:\Program Files\Microchip\xc8\v2.45\pic\sources\c99\common\awdiv.c estimated size: 196

C:\Program Files\Microchip\xc8\v2.45\pic\sources\c99\common\fltol.c
		___fltol       		CODE           	3288	0000	262

C:\Program Files\Microchip\xc8\v2.45\pic\sources\c99\common\fltol.c estimated size: 262

